Warning: Overlays generated and no overlay manager included

 Start  Stop   Length Name               Class

 00000H 00000H 00000H _FARDATA           FAR_DATA
 00000H 0003FH 00040H BUILDLRF_DATA      FAR_DATA
 00040H 00040H 00000H _FARBSS            FAR_BSS
 00040H 00040H 00000H _OVERLAY_          OVRINFO
 00040H 00082H 00043H _TEXT              STUBSEG
 00090H 00090H 00000H _1STUB_            STUBSEG
 00090H 000B4H 00025H BUILDLRF_TEXT      STUBSEG
 000C0H 004C3H 00404H _DATA              DATA
 004C4H 004C5H 00002H _CVTSEG            DATA
 004C6H 004CBH 00006H _SCNSEG            DATA
 004CCH 004CCH 00000H _CONST             CONST
 004CCH 004D7H 0000CH _INIT_             INITDATA
 004D8H 004D8H 00000H _INITEND_          INITDATA
 004D8H 004D8H 00000H _EXIT_             EXITDATA
 004D8H 004D8H 00000H _EXITEND_          EXITDATA
 004E0H 0055FH 00080H _STACK             STACK
 00560H 007E7H 00288H _TEXT              CODE
 02B10H 02BF7H 000E8H BUILDLRF_TEXT      :OVY

Program entry point at 0056:0000

